### Create two Linux ec2 instances and name the instance server and client

# Login to Server VM 

[root@ip-192-168-10-149 ~]# hostnamectl set-hostname server
[root@ip-192-168-10-149 ~]# hostname -i
fe80::8ff:d7ff:fec1:95cb%enX0 192.168.10.149
[root@ip-192-168-10-149 ~]# ssh root@192.168.10.159
The authenticity of host '192.168.10.159 (192.168.10.159)' can't be established.
ED25519 key fingerprint is SHA256:rXBme68MCXIvu+d0AXunEdnHA2uDLXGjod8Kp7RC/+w.
This key is not known by any other names
Are you sure you want to continue connecting (yes/no/[fingerprint])? yes
Warning: Permanently added '192.168.10.159' (ED25519) to the list of known hosts.
root@192.168.10.159: Permission denied (publickey,gssapi-keyex,gssapi-with-mic).
[root@ip-192-168-10-149 ~]#
[root@ip-192-168-10-149 ~]# cd
[root@ip-192-168-10-149 ~]# pwd
/root
[root@ip-192-168-10-149 ~]#


### PEM Key creation form Ansible server VM 

[root@ip-192-168-10-149 ~]# ssh-keygen
Generating public/private rsa key pair.
Enter file in which to save the key (/root/.ssh/id_rsa):
Enter passphrase (empty for no passphrase):
Enter same passphrase again:
Your identification has been saved in /root/.ssh/id_rsa
Your public key has been saved in /root/.ssh/id_rsa.pub
The key fingerprint is:
SHA256:f69M/u/TJDws6P3SZhXfIDHqjmCyuXksn5Fe81u9FfI root@server
The key's randomart image is:
+---[RSA 3072]----+
|                 |
|            o    |
|           . o   |
|          . . .. |
|        S. . = o+|
|    . o. .o ..B *|
|     *o.o+..+o.Eo|
|    +oo+.oo*o.++.|
|    o=+   o.+B=o+|
+----[SHA256]-----+
[root@ip-192-168-10-149 ~]#

### check the id_rsa.pub key 

[root@ip-192-168-10-149 ~]# cd /root/.ssh
[root@ip-192-168-10-149 .ssh]# ls
authorized_keys  id_rsa  id_rsa.pub  known_hosts  known_hosts.old
[root@ip-192-168-10-149 .ssh]# ll
total 20
-rw-------. 1 root root 1110 Jan 22 02:26 authorized_keys
-rw-------. 1 root root 2602 Jan 22 02:39 id_rsa
-rw-r--r--. 1 root root  565 Jan 22 02:39 id_rsa.pub
-rw-------. 1 root root  730 Jan 22 02:37 known_hosts
-rw-------. 1 root root  459 Jan 19 04:30 known_hosts.old
[root@ip-192-168-10-149 .ssh]# cat id_rsa.pub
ssh-rsa AAAAB3NzaC1yc2EAAAADAQABAAABgQDBhUOV8IdB17UprpMV/C198K79vX1YKZUjw/D7vJ5WJLe1FKutNG6INPfRfdkOuylmv+p+nWV1b2+VYLxMzAFPv9tpA5Qlc1b6ONEh3bfj/e5v1xt2JRGECrAKFxVBJ7sYyaZlQNc6Z43+jab9ed18vNR6jJ4klZtxRhsYuwedqj4vIQuVp/Q4iSycg1tJAmZvO4hIgpY1yNJasckOcxzNJHoKd09MyeG9KVQni1utbFgHrfBWLxswfZW6XhblJd3iGlmwW7G/LbXO4kay3/ol1fzNqH+jfw/2P8WyyWAt66K8qm4OQ0xWV3ievBBjliQs0C55N4EA91z1mUrzfxlS/RCxAKbBH+ePOf3E6N5mn+d3JPiwiLUs2dIyPr4zb/6/zTbUokDouTyexbt3gwSD9KLeSJBjcbM4Rgi+LWWefgBpSpPj/Z5tTlmdARke8LN6mLNdax/dOtqtsb1xK+JdqKxxyQ5EnC2iZ4jc9ZhW2PkcTK/BcbZW/M8QVEsKgkk= root@server
[root@ip-192-168-10-149 .ssh]#

### Copy the id_rsa.pub key to clinet 

# Login to client VM 

[root@ip-192-168-10-159 ~]# cd /root/.ssh
[root@ip-192-168-10-159 .ssh]# ls
authorized_keys  known_hosts  known_hosts.old
[root@ip-192-168-10-159 .ssh]# vi authorized_keys


[root@ip-192-168-10-159 .ssh]# cat  authorized_keys
AAAAB3NzaC1yc2EAAAADAQABAAABAQC1w4UlfQbyaBrUI2U4+aDZqs2xKuVeqKsoO4BIHH3KCKosso+dURaluNaP1V4q+8GD6F7OLtq4nSJu7jgtNSk7u34JRENp+GRFAaGYg5iq6ubeTKKpcCR2RuFAFn2abrYtwMzxuHEH6RkuZOfxx0PMCdttZZJh2WDc9Xd0Wl28CCHMRjRgDNgNOgWGdWmFoOR4Skdq0PVfUwXcn/dcxRPsPtMlEf2Glv5wLIm7QrMPl0wP4QKCKplzWNV0aoP8lCuwnBw+2L8aAygJ9QRycskhVXce5h80RFQnou7OhyTjZNaDdDHqItRQaCWUiAq9y/MwMeuBI3c1HsyqmBq6I+ET dec-ppk
ssh-rsa AAAAB3NzaC1yc2EAAAADAQABAAABgQDBhUOV8IdB17UprpMV/C198K79vX1YKZUjw/D7vJ5WJLe1FKutNG6INPfRfdkOuylmv+p+nWV1b2+VYLxMzAFPv9tpA5Qlc1b6ONEh3bfj/e5v1xt2JRGECrAKFxVBJ7sYyaZlQNc6Z43+jab9ed18vNR6jJ4klZtxRhsYuwedqj4vIQuVp/Q4iSycg1tJAmZvO4hIgpY1yNJasckOcxzNJHoKd09MyeG9KVQni1utbFgHrfBWLxswfZW6XhblJd3iGlmwW7G/LbXO4kay3/ol1fzNqH+jfw/2P8WyyWAt66K8qm4OQ0xWV3ievBBjliQs0C55N4EA91z1mUrzfxlS/RCxAKbBH+ePOf3E6N5mn+d3JPiwiLUs2dIyPr4zb/6/zTbUokDouTyexbt3gwSD9KLeSJBjcbM4Rgi+LWWefgBpSpPj/Z5tTlmdARke8LN6mLNdax/dOtqtsb1xK+JdqKxxyQ5EnC2iZ4jc9ZhW2PkcTK/BcbZW/M8QVEsKgkk= root@server
[root@ip-192-168-10-159 .ssh]#

### After copying the id_rsa.pub key to the /root/.ssh/authorized_keys file restart ssh service 

[root@ip-192-168-10-159 .ssh]# systemctl restart sshd


#### Loing to Ansible Server and try to ssh to the client server with private IP 

[root@ip-192-168-10-149 .ssh]#
[root@ip-192-168-10-149 .ssh]# ssh root@192.168.10.159

A newer release of "Amazon Linux" is available.
  Version 2023.6.20241212:
  Version 2023.6.20250107:
  Version 2023.6.20250115:
Run "/usr/bin/dnf check-release-update" for full release and version update info
   ,     #_
   ~\_  ####_        Amazon Linux 2023
  ~~  \_#####\
  ~~     \###|
  ~~       \#/ ___   https://aws.amazon.com/linux/amazon-linux-2023
   ~~       V~' '->
    ~~~         /
      ~~._.   _/
         _/ _/
       _/m/'
Last failed login: Mon Jan 20 02:58:10 UTC 2025 from 45.204.202.166 on ssh:notty
There were 17 failed login attempts since the last successful login.
Last login: Sat Jan 11 05:28:21 2025 from 18.206.107.27
[root@client ~]#


